[2026-09-19T13:43:18.295Z] 1:43:18 PM [tsx] unlink in ./vite.config.ts Rerunning...
[2026-09-19T13:43:18.333Z] cnode:internal/modules/cjs/loader:1247
[2026-09-19T13:43:18.333Z] throw err;
[2026-09-19T13:43:18.333Z] ^
[2026-09-19T13:43:18.333Z] Error: Cannot find module '/home/ubuntu/rijoya/node_modules/.pnpm/tsx@4.20.6/node_modules/tsx/dist/preflight.cjs'
[2026-09-19T13:43:18.333Z] Require stack:
[2026-09-19T13:43:18.333Z] - internal/preload
[2026-09-19T13:43:18.333Z] at Function._resolveFilename (node:internal/modules/cjs/loader:1244:15)
[2026-09-19T13:43:18.333Z] at Function._load (node:internal/modules/cjs/loader:1070:27)
[2026-09-19T13:43:18.333Z] at TracingChannel.traceSync (node:diagnostics_channel:322:14)
[2026-09-19T13:43:18.333Z] at wrapModuleLoad (node:internal/modules/cjs/loader:217:24)
[2026-09-19T13:43:18.333Z] at Module.require (node:internal/modules/cjs/loader:1335:12)
[2026-09-19T13:43:18.333Z] at node:internal/modules/cjs/loader:1834:12
[2026-09-19T13:43:18.333Z] at loadPreloadModules (node:internal/process/pre_execution:726:5)
[2026-09-19T13:43:18.333Z] at setupUserModules (node:internal/process/pre_execution:206:5)
[2026-09-19T13:43:18.333Z] at prepareExecution (node:internal/process/pre_execution:159:5)
[2026-09-19T13:43:18.333Z] at prepareMainThreadExecution (node:internal/process/pre_execution:54:10) {
[2026-09-19T13:43:18.333Z] code: 'MODULE_NOT_FOUND',
[2026-09-19T13:43:18.333Z] requireStack: [ 'internal/preload' ]
[2026-09-19T13:43:18.333Z] }
[2026-09-19T13:43:18.333Z] Node.js v22.13.0
